src/app/App.tsx(15,1): error TS6133: 'CustomerDashboard' is declared but its value is never read.
src/app/App.tsx(54,1): error TS6133: 'PriceNegotiator' is declared but its value is never read.
src/app/App.tsx(171,17): error TS2741: Property 'onNavigate' is missing in type '{}' but required in type '{ onNavigate: (route: string) => void; }'.
src/app/App.tsx(176,17): error TS2741: Property 'onNavigate' is missing in type '{}' but required in type '{ onNavigate: (route: string) => void; }'.
src/app/components/AcademyPortal.tsx(16,3): error TS6133: 'Filter' is declared but its value is never read.
src/app/components/AcademyPortal.tsx(19,3): error TS6133: 'FileText' is declared but its value is never read.
src/app/components/AcademyPortal.tsx(22,3): error TS6133: 'CheckCircle' is declared but its value is never read.
src/app/components/AcademyPortal.tsx(28,3): error TS6133: 'Sun' is declared but its value is never read.
src/app/components/AcademyPortal.tsx(31,1): error TS6133: 'toast' is declared but its value is never read.
src/app/components/AcademyPortal.tsx(35,10): error TS6133: 'selectedCategory' is declared but its value is never read.
src/app/components/AcademyPortal.tsx(35,28): error TS6133: 'setSelectedCategory' is declared but its value is never read.
src/app/components/AddAssetModal.tsx(219,41): error TS6133: 'photo' is declared but its value is never read.
src/app/components/AdminDashboard.tsx(3,3): error TS6133: 'Search' is declared but its value is never read.
src/app/components/AdminDashboard.tsx(5,3): error TS6133: 'CloudRain' is declared but its value is never read.
src/app/components/AdminDashboard.tsx(21,3): error TS6133: 'Truck' is declared but its value is never read.
src/app/components/AdminDashboard.tsx(22,3): error TS6133: 'Settings' is declared but its value is never read.
src/app/components/AdminDashboard.tsx(30,3): error TS6133: 'Zap' is declared but its value is never read.
src/app/components/AdminDashboard.tsx(31,3): error TS6133: 'ThermometerSun' is declared but its value is never read.
src/app/components/AdminDashboard.tsx(33,3): error TS6133: 'BarChart3' is declared but its value is never read.
src/app/components/AdminDashboard.tsx(34,3): error TS6133: 'PieChart' is declared but its value is never read.
src/app/components/AdminDashboard.tsx(35,3): error TS6133: 'LineChart' is declared but its value is never read.
src/app/components/AdminDashboard.tsx(36,3): error TS6133: 'Download' is declared but its value is never read.
src/app/components/AdminDashboard.tsx(37,3): error TS6133: 'Share2' is declared but its value is never read.
src/app/components/AdminDashboard.tsx(43,3): error TS6133: 'Award' is declared but its value is never read.
src/app/components/AdminDashboard.tsx(45,3): error TS6133: 'ArrowRight' is declared but its value is never read.
src/app/components/AdminDashboard.tsx(46,3): error TS6133: 'ChevronDown' is declared but its value is never read.
src/app/components/AdminDashboard.tsx(47,3): error TS6133: 'Play' is declared but its value is never read.
src/app/components/AdminDashboard.tsx(56,10): error TS6133: 'expandedWidget' is declared but its value is never read.
src/app/components/AdminDashboard.tsx(59,10): error TS6133: 'liveDataCount' is declared but its value is never read.
src/app/components/AdminDashboard.tsx(222,9): error TS6133: 'getHealthBgColor' is declared but its value is never read.
src/app/components/AffiliateDashboard.tsx(10,3): error TS6133: 'ExternalLink' is declared but its value is never read.
src/app/components/AffiliateDashboard.tsx(59,26): error TS6133: 'setSelectedPeriod' is declared but its value is never read.
src/app/components/AffiliateDashboard.tsx(60,10): error TS6133: 'showLinkModal' is declared but its value is never read.
src/app/components/AffiliateDashboard.tsx(60,25): error TS6133: 'setShowLinkModal' is declared but its value is never read.
src/app/components/AIInsights.tsx(9,3): error TS6133: 'LineChart' is declared but its value is never read.
src/app/components/AIInsights.tsx(14,3): error TS6133: 'Star' is declared but its value is never read.
src/app/components/AIInsights.tsx(18,3): error TS6133: 'Pause' is declared but its value is never read.
src/app/components/AIInsights.tsx(21,3): error TS6133: 'Edit' is declared but its value is never read.
src/app/components/AIInsights.tsx(22,3): error TS6133: 'Trash2' is declared but its value is never read.
src/app/components/AIInsights.tsx(23,3): error TS6133: 'Award' is declared but its value is never read.
src/app/components/AIInsights.tsx(28,3): error TS6133: 'Layers' is declared but its value is never read.
src/app/components/AIInsights.tsx(32,3): error TS6133: 'ChevronRight' is declared but its value is never read.
src/app/components/AIInsights.tsx(34,1): error TS6133: 'toast' is declared but its value is never read.
src/app/components/AnalyticsDashboard.tsx(17,3): error TS6133: 'Filter' is declared but its value is never read.
src/app/components/AnalyticsDashboard.tsx(22,3): error TS6133: 'PieChart' is declared but its value is never read.
src/app/components/AnalyticsDashboard.tsx(28,3): error TS6133: 'Settings' is declared but its value is never read.
src/app/components/AnalyticsDashboard.tsx(29,3): error TS6133: 'ChevronDown' is declared but its value is never read.
src/app/components/AnalyticsDashboard.tsx(31,3): error TS6133: 'Plus' is declared but its value is never read.
src/app/components/AnalyticsDashboard.tsx(32,3): error TS6133: 'Minus' is declared but its value is never read.
src/app/components/AnalyticsDashboard.tsx(47,10): error TS6133: 'expandedWidget' is declared but its value is never read.
src/app/components/AnalyticsDashboard.tsx(528,50): error TS6133: 'i' is declared but its value is never read.
src/app/components/AutomationWorkflows.tsx(4,3): error TS6133: 'Play' is declared but its value is never read.
src/app/components/AutomationWorkflows.tsx(22,3): error TS6133: 'Trash2' is declared but its value is never read.
src/app/components/AutomationWorkflows.tsx(23,3): error TS6133: 'Copy' is declared but its value is never read.
src/app/components/AutomationWorkflows.tsx(24,3): error TS6133: 'Settings' is declared but its value is never read.
src/app/components/AutomationWorkflows.tsx(32,1): error TS6133: 'toast' is declared but its value is never read.
src/app/components/AutomationWorkflows.tsx(58,10): error TS6133: 'showBuilder' is declared but its value is never read.
src/app/components/AutomationWorkflows.tsx(58,23): error TS6133: 'setShowBuilder' is declared but its value is never read.
src/app/components/AutomationWorkflows.tsx(283,50): error TS6133: 'index' is declared but its value is never read.
src/app/components/B2BChat.tsx(9,3): error TS6133: 'Search' is declared but its value is never read.
src/app/components/B2BChat.tsx(14,3): error TS6133: 'Circle' is declared but its value is never read.
src/app/components/B2BChat.tsx(20,3): error TS6133: 'AlertCircle' is declared but its value is never read.
src/app/components/B2BChat.tsx(21,3): error TS6133: 'Smile' is declared but its value is never read.
src/app/components/B2BChat.tsx(54,11): error TS6196: 'Conversation' is declared but never used.
src/app/components/B2BChat.tsx(69,3): error TS6133: 'contactAvatar' is declared but its value is never read.
src/app/components/BlogAdmin.tsx(3,27): error TS6133: 'onNavigate' is declared but its value is never read.
src/app/components/BlogAdmin.tsx(4,27): error TS2304: Cannot find name 'useState'.
src/app/components/BlogAdmin.tsx(5,51): error TS2304: Cannot find name 'useState'.
src/app/components/BlogAdmin.tsx(6,43): error TS2304: Cannot find name 'useState'.
src/app/components/BlogAdmin.tsx(7,41): error TS2304: Cannot find name 'useState'.
src/app/components/BlogAdmin.tsx(8,45): error TS2304: Cannot find name 'useState'.
src/app/components/BlogAdmin.tsx(9,45): error TS2304: Cannot find name 'useState'.
src/app/components/BlogAdmin.tsx(10,10): error TS6133: 'showMetaPanel' is declared but its value is never read.
src/app/components/BlogAdmin.tsx(10,25): error TS6133: 'setShowMetaPanel' is declared but its value is never read.
src/app/components/BlogAdmin.tsx(10,45): error TS2304: Cannot find name 'useState'.
src/app/components/BlogAdmin.tsx(140,32): error TS6133: 'id' is declared but its value is never read.
src/app/components/BlogAdmin.tsx(144,33): error TS6133: 'id' is declared but its value is never read.
src/app/components/BlogAdmin.tsx(148,32): error TS6133: 'id' is declared but its value is never read.
src/app/components/BlogAdmin.tsx(159,16): error TS2304: Cannot find name 'FileText'.
src/app/components/BlogAdmin.tsx(168,16): error TS2304: Cannot find name 'CheckCircle'.
src/app/components/BlogAdmin.tsx(172,16): error TS2304: Cannot find name 'Clock'.
src/app/components/BlogAdmin.tsx(181,16): error TS2304: Cannot find name 'Eye'.
src/app/components/BlogAdmin.tsx(189,14): error TS2304: Cannot find name 'TrendingUp'.
src/app/components/BlogAdmin.tsx(197,16): error TS2304: Cannot find name 'MessageSquare'.
src/app/components/BlogAdmin.tsx(205,14): error TS2304: Cannot find name 'AlertCircle'.
src/app/components/BlogAdmin.tsx(213,16): error TS2304: Cannot find name 'Heart'.
src/app/components/BlogAdmin.tsx(221,14): error TS2304: Cannot find name 'BarChart3'.
src/app/components/BlogAdmin.tsx(232,14): error TS2304: Cannot find name 'Clock'.
src/app/components/BlogAdmin.tsx(241,23): error TS2304: Cannot find name 'MessageSquare'.
src/app/components/BlogAdmin.tsx(248,23): error TS2304: Cannot find name 'FileText'.
src/app/components/BlogAdmin.tsx(255,23): error TS2304: Cannot find name 'Heart'.
src/app/components/BlogAdmin.tsx(262,23): error TS2304: Cannot find name 'Users'.
src/app/components/BlogAdmin.tsx(285,14): error TS2304: Cannot find name 'TrendingUp'.
src/app/components/BlogAdmin.tsx(306,22): error TS2304: Cannot find name 'TrendingUp'.
src/app/components/BlogAdmin.tsx(308,22): error TS2304: Cannot find name 'TrendingDown'.
src/app/components/BlogAdmin.tsx(322,14): error TS2304: Cannot find name 'MessageSquare'.
src/app/components/BlogAdmin.tsx(346,22): error TS2304: Cannot find name 'CheckCircle'.
src/app/components/BlogAdmin.tsx(353,22): error TS2304: Cannot find name 'X'.
src/app/components/BlogAdmin.tsx(372,14): error TS2304: Cannot find name 'Search'.
src/app/components/BlogAdmin.tsx(382,14): error TS2304: Cannot find name 'Filter'.
src/app/components/BlogAdmin.tsx(402,14): error TS2304: Cannot find name 'Plus'.
src/app/components/BlogAdmin.tsx(486,72): error TS7006: Parameter 'id' implicitly has an 'any' type.
src/app/components/BlogAdmin.tsx(511,26): error TS2304: Cannot find name 'Eye'.
src/app/components/BlogAdmin.tsx(515,26): error TS2304: Cannot find name 'MessageSquare'.
src/app/components/BlogAdmin.tsx(519,26): error TS2304: Cannot find name 'Heart'.
src/app/components/BlogAdmin.tsx(531,26): error TS2304: Cannot find name 'Edit3'.
src/app/components/BlogAdmin.tsx(537,26): error TS2304: Cannot find name 'BarChart3'.
src/app/components/BlogAdmin.tsx(543,26): error TS2304: Cannot find name 'Copy'.
src/app/components/BlogAdmin.tsx(550,26): error TS2304: Cannot find name 'Trash2'.
src/app/components/BlogAdmin.tsx(572,14): error TS2304: Cannot find name 'X'.
src/app/components/BlogAdmin.tsx(578,14): error TS2304: Cannot find name 'Eye'.
src/app/components/BlogAdmin.tsx(585,14): error TS2304: Cannot find name 'Save'.
src/app/components/BlogAdmin.tsx(616,16): error TS2304: Cannot find name 'Bold'.
src/app/components/BlogAdmin.tsx(619,16): error TS2304: Cannot find name 'Italic'.
src/app/components/BlogAdmin.tsx(623,16): error TS2304: Cannot find name 'Heading'.
src/app/components/BlogAdmin.tsx(626,16): error TS2304: Cannot find name 'List'.
src/app/components/BlogAdmin.tsx(629,16): error TS2304: Cannot find name 'Quote'.
src/app/components/BlogAdmin.tsx(633,15): error TS2607: JSX element class does not support attributes because it does not have a 'props' property.
src/app/components/BlogAdmin.tsx(633,16): error TS2786: 'Image' cannot be used as a JSX component.
  Its type 'new (width?: number | undefined, height?: number | undefined) => HTMLImageElement' is not a valid JSX element type.
    Type 'new (width?: number | undefined, height?: number | undefined) => HTMLImageElement' is not assignable to type 'new (props: any, deprecatedLegacyContext?: any) => Component<any, any, any>'.
      Type 'HTMLImageElement' is missing the following properties from type 'Component<any, any, any>': context, setState, forceUpdate, render, and 3 more.
src/app/components/BlogAdmin.tsx(636,16): error TS2304: Cannot find name 'Video'.
src/app/components/BlogAdmin.tsx(639,16): error TS2304: Cannot find name 'Link2'.
src/app/components/BlogAdmin.tsx(642,16): error TS2304: Cannot find name 'Code'.
src/app/components/BlogAdmin.tsx(650,18): error TS2304: Cannot find name 'Monitor'.
src/app/components/BlogAdmin.tsx(657,18): error TS2304: Cannot find name 'Tablet'.
src/app/components/BlogAdmin.tsx(664,18): error TS2304: Cannot find name 'Smartphone'.
src/app/components/BlogAdmin.tsx(690,18): error TS2304: Cannot find name 'CheckCircle'.
src/app/components/BlogAdmin.tsx(694,18): error TS2304: Cannot find name 'CheckCircle'.
src/app/components/BlogAdmin.tsx(698,18): error TS2304: Cannot find name 'AlertCircle'.
src/app/components/BlogAdmin.tsx(768,16): error TS2304: Cannot find name 'Upload'.
src/app/components/BlogAdmin.tsx(842,64): error TS2304: Cannot find name 'BarChart3'.
src/app/components/BlogAdmin.tsx(843,56): error TS2304: Cannot find name 'FileText'.
src/app/components/BlogAdmin.tsx(844,60): error TS2304: Cannot find name 'MessageSquare'.
src/app/components/BlogAdmin.tsx(845,58): error TS2304: Cannot find name 'TrendingUp'.
src/app/components/BlogArticle.tsx(15,3): error TS6133: 'Award' is declared but its value is never read.
src/app/components/BlogArticle.tsx(21,3): error TS6133: 'Download' is declared but its value is never read.
src/app/components/BlogArticle.tsx(28,3): error TS6133: 'TrendingUp' is declared but its value is never read.
src/app/components/BlogArticle.tsx(35,26): error TS6133: 'setScrollProgress' is declared but its value is never read.
src/app/components/BlogArticle.tsx(574,20): error TS2304: Cannot find name 'FileText'.
src/app/components/BlogHome.tsx(4,3): error TS6133: 'TrendingUp' is declared but its value is never read.
src/app/components/BlogHome.tsx(12,3): error TS6133: 'User' is declared but its value is never read.
src/app/components/BlogHome.tsx(14,3): error TS6133: 'Filter' is declared but its value is never read.
src/app/components/BlogHome.tsx(21,3): error TS6133: 'Star' is declared but its value is never read.
src/app/components/BlogHome.tsx(26,26): error TS6133: 'onNavigate' is declared but its value is never read.
src/app/components/BlogHome.tsx(179,23): error TS6133: 'id' is declared but its value is never read.
src/app/components/BlogHome.tsx(183,27): error TS6133: 'id' is declared but its value is never read.
src/app/components/BlogHome.tsx(187,24): error TS6133: 'id' is declared but its value is never read.
src/app/components/CarrierDashboard.tsx(9,3): error TS6133: 'TrendingUp' is declared but its value is never read.
src/app/components/CarrierDashboard.tsx(11,3): error TS6133: 'AlertCircle' is declared but its value is never read.
src/app/components/CarrierDashboard.tsx(13,3): error TS6133: 'Calendar' is declared but its value is never read.
src/app/components/CarrierDashboard.tsx(20,3): error TS6133: 'MessageCircle' is declared but its value is never read.
src/app/components/CategoryManagement.tsx(8,3): error TS6133: 'FolderOpen' is declared but its value is never read.
src/app/components/CategoryManagement.tsx(16,3): error TS6133: 'Check' is declared but its value is never read.
src/app/components/CategoryManagement.tsx(23,3): error TS6133: 'Filter' is declared but its value is never read.
src/app/components/CategoryManagement.tsx(26,3): error TS6133: 'Tractor' is declared but its value is never read.
src/app/components/CropIntelligence.tsx(12,3): error TS6133: 'Share2' is declared but its value is never read.
src/app/components/CropIntelligence.tsx(20,3): error TS6133: 'Wind' is declared but its value is never read.
src/app/components/CropIntelligence.tsx(22,3): error TS6133: 'ChevronDown' is declared but its value is never read.
src/app/components/CropIntelligence.tsx(23,3): error TS6133: 'ChevronRight' is declared but its value is never read.
src/app/components/CropIntelligence.tsx(24,3): error TS6133: 'Filter' is declared but its value is never read.
src/app/components/CropIntelligence.tsx(25,3): error TS6133: 'Search' is declared but its value is never read.
src/app/components/CropIntelligence.tsx(26,3): error TS6133: 'Settings' is declared but its value is never read.
src/app/components/CropIntelligence.tsx(29,3): error TS6133: 'LineChart' is declared but its value is never read.
src/app/components/CropIntelligence.tsx(32,3): error TS6133: 'XCircle' is declared but its value is never read.
src/app/components/CropIntelligence.tsx(35,3): error TS6133: 'Leaf' is declared but its value is never read.
src/app/components/CropIntelligence.tsx(38,1): error TS6133: 'toast' is declared but its value is never read.
src/app/components/CropIntelligence.tsx(309,35): error TS6133: 'index' is declared but its value is never read.
src/app/components/CulturePage.tsx(12,3): error TS6133: 'MapPin' is declared but its value is never read.
src/app/components/CulturePage.tsx(23,3): error TS6133: 'AlertTriangle' is declared but its value is never read.
src/app/components/CulturePage.tsx(26,3): error TS6133: 'Target' is declared but its value is never read.
src/app/components/CulturePage.tsx(28,3): error TS6133: 'Award' is declared but its value is never read.
src/app/components/CulturePage.tsx(30,3): error TS6133: 'Eye' is declared but its value is never read.
src/app/components/CulturePage.tsx(31,3): error TS6133: 'MessageSquare' is declared but its value is never read.
src/app/components/CulturePage.tsx(34,3): error TS6133: 'ChevronDown' is declared but its value is never read.
src/app/components/CulturePage.tsx(35,3): error TS6133: 'Plus' is declared but its value is never read.
src/app/components/CulturePage.tsx(36,3): error TS6133: 'Minus' is declared but its value is never read.
src/app/components/CulturePage.tsx(45,26): error TS6133: 'setShowCalculator' is declared but its value is never read.
src/app/components/CulturePage.tsx(615,9): error TS6133: 'renderNutritionSection' is declared but its value is never read.
src/app/components/FinancialSuite.tsx(6,3): error TS6133: 'CreditCard' is declared but its value is never read.
src/app/components/FinancialSuite.tsx(15,3): error TS6133: 'Calendar' is declared but its value is never read.
src/app/components/FinancialSuite.tsx(18,3): error TS6133: 'Trash2' is declared but its value is never read.
src/app/components/FinancialSuite.tsx(27,1): error TS6133: 'toast' is declared but its value is never read.
src/app/components/FinancialSuite.tsx(39,11): error TS6196: 'Transaction' is declared but never used.
src/app/components/FinancialSuite.tsx(540,48): error TS6133: 's' is declared but its value is never read.
src/app/components/IndustrialAffiliations.tsx(16,3): error TS6133: 'Trash2' is declared but its value is never read.
src/app/components/IndustrialAffiliations.tsx(18,3): error TS6133: 'Settings' is declared but its value is never read.
src/app/components/IndustrialAffiliations.tsx(23,3): error TS6133: 'ExternalLink' is declared but its value is never read.
src/app/components/IndustrialAffiliations.tsx(25,3): error TS6133: 'FileSpreadsheet' is declared but its value is never read.
src/app/components/IndustrialAffiliations.tsx(26,3): error TS6133: 'QrCode' is declared but its value is never read.
src/app/components/IndustrialAffiliations.tsx(27,3): error TS6133: 'Link2' is declared but its value is never read.
src/app/components/IndustrialAffiliations.tsx(28,3): error TS6133: 'ChevronDown' is declared but its value is never read.
src/app/components/IndustrialAffiliations.tsx(30,3): error TS6133: 'Star' is declared but its value is never read.
src/app/components/IndustrialAffiliations.tsx(32,3): error TS6133: 'Zap' is declared but its value is never read.
src/app/components/IndustrialAffiliations.tsx(34,3): error TS6133: 'Factory' is declared but its value is never read.
src/app/components/IndustrialAffiliations.tsx(37,3): error TS6133: 'Truck' is declared but its value is never read.
src/app/components/IoTDeviceHub.tsx(12,3): error TS6133: 'Filter' is declared but its value is never read.
src/app/components/IoTDeviceHub.tsx(14,3): error TS6133: 'Power' is declared but its value is never read.
src/app/components/IoTDeviceHub.tsx(15,3): error TS6133: 'Settings' is declared but its value is never read.
src/app/components/IoTDeviceHub.tsx(19,3): error TS6133: 'WifiOff' is declared but its value is never read.
src/app/components/IoTDeviceHub.tsx(25,3): error TS6133: 'Clock' is declared but its value is never read.
src/app/components/IoTDeviceHub.tsx(28,3): error TS6133: 'Droplet' is declared but its value is never read.
src/app/components/IoTDeviceHub.tsx(29,3): error TS6133: 'Wind' is declared but its value is never read.
src/app/components/LandingPageInteractive.tsx(1,20): error TS6133: 'useEffect' is declared but its value is never read.
src/app/components/LandingPageInteractive.tsx(1,31): error TS6133: 'useRef' is declared but its value is never read.
src/app/components/LandingPageInteractive.tsx(22,3): error TS6133: 'BarChart3' is declared but its value is never read.
src/app/components/LandingPageInteractive.tsx(23,3): error TS6133: 'Quote' is declared but its value is never read.
src/app/components/LandingPageInteractive.tsx(34,10): error TS6133: 'email' is declared but its value is never read.
src/app/components/LandingPageInteractive.tsx(34,17): error TS6133: 'setEmail' is declared but its value is never read.
src/app/components/LandingPageInteractive.tsx(345,21): error TS6133: 'Icon' is declared but its value is never read.
src/app/components/LogisticsTracking.tsx(9,3): error TS6133: 'Eye' is declared but its value is never read.
src/app/components/LogisticsTracking.tsx(21,3): error TS6133: 'Calendar' is declared but its value is never read.
src/app/components/LogisticsTracking.tsx(23,3): error TS6133: 'FileText' is declared but its value is never read.
src/app/components/LogisticsTracking.tsx(24,3): error TS6133: 'Navigation2' is declared but its value is never read.
src/app/components/ManageAssets.tsx(5,3): error TS6133: 'Eye' is declared but its value is never read.
src/app/components/ManageAssets.tsx(17,3): error TS6133: 'FolderTree' is declared but its value is never read.
src/app/components/MarketplaceModern.tsx(15,3): error TS6133: 'Filter' is declared but its value is never read.
src/app/components/MarketplaceModern.tsx(16,3): error TS6133: 'TrendingUp' is declared but its value is never read.
src/app/components/MarketplaceModern.tsx(17,3): error TS6133: 'Leaf' is declared but its value is never read.
src/app/components/MarketplaceModern.tsx(18,3): error TS6133: 'Award' is declared but its value is never read.
src/app/components/MarketplaceModern.tsx(19,3): error TS6133: 'Clock' is declared but its value is never read.
src/app/components/MarketplaceModern.tsx(20,3): error TS6133: 'User' is declared but its value is never read.
src/app/components/MarketplaceModern.tsx(22,3): error TS6133: 'Share2' is declared but its value is never read.
src/app/components/MarketplaceModern.tsx(29,3): error TS6133: 'ThumbsUp' is declared but its value is never read.
src/app/components/MarketplaceModern.tsx(30,3): error TS6133: 'Calendar' is declared but its value is never read.
src/app/components/MarketplaceModern.tsx(35,3): error TS6133: 'Eye' is declared but its value is never read.
src/app/components/MarketplaceModern.tsx(36,3): error TS6133: 'EyeOff' is declared but its value is never read.
src/app/components/MarketplaceModern.tsx(39,3): error TS6133: 'Copy' is declared but its value is never read.
src/app/components/MarketplaceModern.tsx(41,3): error TS6133: 'Loader2' is declared but its value is never read.
src/app/components/MarketplaceModern.tsx(92,56): error TS6133: 'onAdminModeChange' is declared but its value is never read.
src/app/components/MarketplaceModern.tsx(118,22): error TS6133: 'setCategories' is declared but its value is never read.
src/app/components/MarketplaceModern.tsx(290,33): error TS6133: 'categoryId' is declared but its value is never read.
src/app/components/MarketplaceModern.tsx(573,22): error TS7006: Parameter 'updates' implicitly has an 'any' type.
src/app/components/MarketplaceModern.tsx(1157,46): error TS7006: Parameter 'label' implicitly has an 'any' type.
src/app/components/ModernDashboard.tsx(7,3): error TS6133: 'Target' is declared but its value is never read.
src/app/components/ModernDashboard.tsx(10,3): error TS6133: 'CheckCircle' is declared but its value is never read.
src/app/components/ModernDashboard.tsx(11,3): error TS6133: 'Info' is declared but its value is never read.
src/app/components/ModernDashboard.tsx(18,3): error TS6133: 'LineChart' is declared but its value is never read.
src/app/components/ModernDashboard.tsx(19,3): error TS6133: 'Download' is declared but its value is never read.
src/app/components/ModernDashboard.tsx(20,3): error TS6133: 'Share2' is declared but its value is never read.
src/app/components/ModernDashboard.tsx(22,3): error TS6133: 'Battery' is declared but its value is never read.
src/app/components/ModernDashboard.tsx(23,3): error TS6133: 'Signal' is declared but its value is never read.
src/app/components/ModernDashboard.tsx(47,3): error TS6133: 'ThermometerSun' is declared but its value is never read.
src/app/components/ModernDashboard.tsx(48,3): error TS6133: 'CloudRain' is declared but its value is never read.
src/app/components/ModernDashboard.tsx(52,3): error TS6133: 'Boxes' is declared but its value is never read.
src/app/components/ModernDashboard.tsx(54,3): error TS6133: 'CreditCard' is declared but its value is never read.
src/app/components/ModernDashboard.tsx(66,10): error TS6133: 'selectedPeriod' is declared but its value is never read.
src/app/components/ModernDashboard.tsx(66,26): error TS6133: 'setSelectedPeriod' is declared but its value is never read.
src/app/components/ModernDashboard.tsx(313,42): error TS6133: 'index' is declared but its value is never read.
src/app/components/NotificationsDropdown.tsx(3,3): error TS6133: 'Check' is declared but its value is never read.
src/app/components/OrdersManagement.tsx(14,3): error TS6133: 'Edit' is declared but its value is never read.
src/app/components/OrdersManagement.tsx(17,3): error TS6133: 'AlertCircle' is declared but its value is never read.
src/app/components/OrdersManagement.tsx(935,25): error TS7034: Variable 'pageNum' implicitly has type 'any' in some locations where its type cannot be determined.
src/app/components/OrdersManagement.tsx(948,55): error TS7005: Variable 'pageNum' implicitly has an 'any' type.
src/app/components/PriceNegotiator.tsx(4,3): error TS6133: 'TrendingDown' is declared but its value is never read.
src/app/components/PriceNegotiator.tsx(15,3): error TS6133: 'Calculator' is declared but its value is never read.
src/app/components/PriceNegotiator.tsx(43,3): error TS6133: 'sellerId' is declared but its value is never read.
src/app/components/PriceNegotiator.tsx(54,10): error TS6133: 'showHistory' is declared but its value is never read.
src/app/components/PriceNegotiator.tsx(54,23): error TS6133: 'setShowHistory' is declared but its value is never read.
src/app/components/PriceNegotiator.tsx(73,9): error TS6133: 'minDiscountPercentage' is declared but its value is never read.
src/app/components/ProductInventory.tsx(18,3): error TS6133: 'Check' is declared but its value is never read.
src/app/components/ProductInventory.tsx(51,11): error TS6196: 'StockMovement' is declared but never used.
src/app/components/ProductInventory.tsx(830,27): error TS7034: Variable 'pageNum' implicitly has type 'any' in some locations where its type cannot be determined.
src/app/components/ProductInventory.tsx(843,57): error TS7005: Variable 'pageNum' implicitly has an 'any' type.
src/app/components/ProfilePage.tsx(15,3): error TS6133: 'Globe' is declared but its value is never read.
src/app/components/ProfilePage.tsx(16,3): error TS6133: 'Eye' is declared but its value is never read.
src/app/components/ProfilePage.tsx(17,3): error TS6133: 'EyeOff' is declared but its value is never read.
src/app/components/ProfilePage.tsx(18,3): error TS6133: 'BarChart3' is declared but its value is never read.
src/app/components/ProfilePage.tsx(19,3): error TS6133: 'TrendingUp' is declared but its value is never read.
src/app/components/ProfilePage.tsx(20,3): error TS6133: 'Users' is declared but its value is never read.
src/app/components/ProfilePage.tsx(21,3): error TS6133: 'Heart' is declared but its value is never read.
src/app/components/RentalDetail.tsx(9,3): error TS6133: 'Clock' is declared but its value is never read.
src/app/components/RentalDetail.tsx(25,32): error TS6133: 'equipmentId' is declared but its value is never read.
src/app/components/ReportEngine.tsx(14,3): error TS6133: 'Copy' is declared but its value is never read.
src/app/components/ReportEngine.tsx(29,3): error TS6133: 'Smartphone' is declared but its value is never read.
src/app/components/ReportEngine.tsx(31,3): error TS6133: 'Target' is declared but its value is never read.
src/app/components/ReportEngine.tsx(38,3): error TS6133: 'Palette' is declared but its value is never read.
src/app/components/ReportEngine.tsx(39,3): error TS6133: 'Code' is declared but its value is never read.
src/app/components/ReportEngine.tsx(40,3): error TS6133: 'Globe' is declared but its value is never read.
src/app/components/ReportEngine.tsx(41,3): error TS6133: 'Share2' is declared but its value is never read.
src/app/components/ReportEngine.tsx(42,3): error TS6133: 'Bookmark' is declared but its value is never read.
src/app/components/ReportEngine.tsx(44,3): error TS6133: 'TrendingDown' is declared but its value is never read.
src/app/components/Settings.tsx(1,28): error TS6133: 'useEffect' is declared but its value is never read.
src/app/components/Settings.tsx(14,3): error TS6133: 'Check' is declared but its value is never read.
src/app/components/Settings.tsx(19,3): error TS6133: 'Trash2' is declared but its value is never read.
src/app/components/Settings.tsx(63,10): error TS6133: 'notifications' is declared but its value is never read.
src/app/components/Settings.tsx(63,25): error TS6133: 'setNotifications' is declared but its value is never read.
src/app/components/SettingsAdvanced.tsx(7,3): error TS6133: 'Monitor' is declared but its value is never read.
src/app/components/SettingsAdvanced.tsx(12,3): error TS6133: 'X' is declared but its value is never read.
src/app/components/SettingsAdvanced.tsx(15,3): error TS6133: 'Trash2' is declared but its value is never read.
src/app/components/SettingsAdvanced.tsx(16,3): error TS6133: 'Copy' is declared but its value is never read.
src/app/components/SettingsAdvanced.tsx(18,3): error TS6133: 'Key' is declared but its value is never read.
src/app/components/SettingsAdvanced.tsx(35,10): error TS6133: 'verificationCode' is declared but its value is never read.
src/app/components/SettingsAdvanced.tsx(35,28): error TS6133: 'setVerificationCode' is declared but its value is never read.
src/app/components/SettingsAdvanced.tsx(107,35): error TS6133: 'sessionId' is declared but its value is never read.
src/app/components/ShippingTracker.tsx(9,3): error TS6133: 'User' is declared but its value is never read.
src/app/components/ShippingTracker.tsx(54,9): error TS6133: 'currentStatus' is declared but its value is never read.
src/app/components/Sidebar.tsx(2,3): error TS6133: 'LayoutDashboard' is declared but its value is never read.
src/app/components/Sidebar.tsx(7,3): error TS6133: 'BarChart3' is declared but its value is never read.
src/app/components/Sidebar.tsx(10,3): error TS6133: 'MapPin' is declared but its value is never read.
src/app/components/Sidebar.tsx(13,3): error TS6133: 'Link' is declared but its value is never read.
src/app/components/Sidebar.tsx(20,3): error TS6133: 'MessageCircle' is declared but its value is never read.
src/app/components/Sidebar.tsx(21,3): error TS6133: 'BookOpen' is declared but its value is never read.
src/app/components/Sidebar.tsx(22,3): error TS6133: 'Store' is declared but its value is never read.
src/app/components/Sidebar.tsx(23,3): error TS6133: 'Home' is declared but its value is never read.
src/app/components/Sidebar.tsx(24,3): error TS6133: 'GraduationCap' is declared but its value is never read.
src/app/components/Sidebar.tsx(25,3): error TS6133: 'Calendar' is declared but its value is never read.
src/app/components/SignOutModal.tsx(2,46): error TS6133: 'Download' is declared but its value is never read.
src/app/components/TransportCalculator.tsx(13,3): error TS6133: 'Calendar' is declared but its value is never read.
src/app/components/TransportCalculator.tsx(17,3): error TS6133: 'X' is declared but its value is never read.
src/app/components/TransportCalculator.tsx(42,3): error TS6133: 'productWeight' is declared but its value is never read.
src/app/components/ui/badge.tsx(38,6): error TS2322: Type '{ ref?: LegacyRef<HTMLSpanElement> | undefined; key?: Key | null | undefined; defaultChecked?: boolean | undefined; defaultValue?: string | number | readonly string[] | undefined; ... 263 more ...; className: string; }' is not assignable to type 'RefAttributes<HTMLElement>'.
  Types of property 'ref' are incompatible.
    Type 'LegacyRef<HTMLSpanElement> | undefined' is not assignable to type 'Ref<HTMLElement> | undefined'.
      Type 'string' is not assignable to type 'Ref<HTMLElement> | undefined'.
src/app/components/ui/breadcrumb.tsx(44,6): error TS2322: Type '{ ref?: LegacyRef<HTMLAnchorElement> | undefined; key?: Key | null | undefined; download?: any; href?: string | undefined; hrefLang?: string | undefined; ... 270 more ...; className: string; }' is not assignable to type 'RefAttributes<HTMLElement>'.
  Types of property 'ref' are incompatible.
    Type 'LegacyRef<HTMLAnchorElement> | undefined' is not assignable to type 'Ref<HTMLElement> | undefined'.
      Type 'string' is not assignable to type 'Ref<HTMLElement> | undefined'.
src/app/components/ui/button.tsx(48,7): error TS2322: Type 'string | ((instance: HTMLButtonElement | null) => void) | RefObject<HTMLButtonElement> | null' is not assignable to type '((string | ((instance: HTMLButtonElement | null) => void) | RefObject<HTMLButtonElement>) & (((instance: HTMLElement | null) => void) | RefObject<...>)) | null | undefined'.
  Type 'string' is not assignable to type '((string | ((instance: HTMLButtonElement | null) => void) | RefObject<HTMLButtonElement>) & (((instance: HTMLElement | null) => void) | RefObject<...>)) | null | undefined'.
src/app/components/ui/sidebar.tsx(404,6): error TS2322: Type '{ ref?: LegacyRef<HTMLDivElement> | undefined; key?: Key | null | undefined; defaultChecked?: boolean | undefined; defaultValue?: string | number | readonly string[] | undefined; ... 264 more ...; className: string; }' is not assignable to type 'RefAttributes<HTMLElement>'.
  Types of property 'ref' are incompatible.
    Type 'LegacyRef<HTMLDivElement> | undefined' is not assignable to type 'Ref<HTMLElement> | undefined'.
      Type 'string' is not assignable to type 'Ref<HTMLElement> | undefined'.
src/app/components/ui/sidebar.tsx(425,6): error TS2322: Type '{ ref?: LegacyRef<HTMLButtonElement> | undefined; key?: Key | null | undefined; disabled?: boolean | undefined; form?: string | undefined; formAction?: string | undefined; ... 273 more ...; className: string; }' is not assignable to type 'RefAttributes<HTMLElement>'.
  Types of property 'ref' are incompatible.
    Type 'LegacyRef<HTMLButtonElement> | undefined' is not assignable to type 'Ref<HTMLElement> | undefined'.
      Type 'string' is not assignable to type 'Ref<HTMLElement> | undefined'.
src/app/components/ui/sidebar.tsx(515,6): error TS2322: Type '{ ref?: LegacyRef<HTMLButtonElement> | undefined; key?: Key | null | undefined; disabled?: boolean | undefined; form?: string | undefined; formAction?: string | undefined; ... 275 more ...; className: string; }' is not assignable to type 'RefAttributes<HTMLElement>'.
  Types of property 'ref' are incompatible.
    Type 'LegacyRef<HTMLButtonElement> | undefined' is not assignable to type 'Ref<HTMLElement> | undefined'.
src/app/components/ui/sidebar.tsx(560,6): error TS2322: Type '{ ref?: LegacyRef<HTMLButtonElement> | undefined; key?: Key | null | undefined; disabled?: boolean | undefined; form?: string | undefined; formAction?: string | undefined; ... 273 more ...; className: string; }' is not assignable to type 'RefAttributes<HTMLElement>'.
  Types of property 'ref' are incompatible.
    Type 'LegacyRef<HTMLButtonElement> | undefined' is not assignable to type 'Ref<HTMLElement> | undefined'.
src/app/components/ui/sidebar.tsx(683,6): error TS2322: Type '{ ref?: LegacyRef<HTMLAnchorElement> | undefined; key?: Key | null | undefined; download?: any; href?: string | undefined; hrefLang?: string | undefined; ... 273 more ...; className: string; }' is not assignable to type 'RefAttributes<HTMLElement>'.
  Types of property 'ref' are incompatible.
    Type 'LegacyRef<HTMLAnchorElement> | undefined' is not assignable to type 'Ref<HTMLElement> | undefined'.
src/app/components/UserManagement.tsx(6,3): error TS6133: 'Filter' is declared but its value is never read.
src/app/components/UserManagement.tsx(20,3): error TS6133: 'MapPin' is declared but its value is never read.
src/app/components/UserManagement.tsx(261,21): error TS6133: 'setIsLoading' is declared but its value is never read.
src/app/components/UserManagement.tsx(1003,23): error TS7034: Variable 'pageNum' implicitly has type 'any' in some locations where its type cannot be determined.
src/app/components/UserManagement.tsx(1016,53): error TS7005: Variable 'pageNum' implicitly has an 'any' type.
src/app/components/VisionStrategy.tsx(5,3): error TS6133: 'Calendar' is declared but its value is never read.
src/app/components/VisionStrategy.tsx(6,3): error TS6133: 'Lightbulb' is declared but its value is never read.
src/app/components/VisionStrategy.tsx(11,3): error TS6133: 'Target' is declared but its value is never read.
src/app/components/VisionStrategy.tsx(14,3): error TS6133: 'Star' is declared but its value is never read.
src/app/components/VisionStrategy.tsx(16,3): error TS6133: 'University' is declared but its value is never read.
src/app/components/VisionStrategy.tsx(20,3): error TS6133: 'ChevronRight' is declared but its value is never read.
src/app/components/VisionStrategy.tsx(21,3): error TS6133: 'Zap' is declared but its value is never read.
src/app/components/VisionStrategy.tsx(22,3): error TS6133: 'Shield' is declared but its value is never read.
src/app/components/VisionStrategy.tsx(26,3): error TS6133: 'Package' is declared but its value is never read.
src/app/components/VisionStrategy.tsx(27,3): error TS6133: 'Code' is declared but its value is never read.
src/app/components/VisionStrategy.tsx(33,3): error TS6133: 'BookOpen' is declared but its value is never read.
src/app/components/VisionStrategy.tsx(36,3): error TS6133: 'Mail' is declared but its value is never read.
src/app/components/VisionStrategy.tsx(373,33): error TS6133: 'index' is declared but its value is never read.
